Linux version 2.6.30-1.0.10mp1 [] (wtchen@localhost.localdomain) (gcc version 4.2.3) #1 Mon Feb 24 14:21:58 CST 2014
[    0.000000] BCM93383 reference design prom init
[    0.000000] args: 2 0x87000000
[    0.000000] CPU revision is: 0002a080 (Broadcom4350)
[    0.000000] Determined physical RAM map:
[    0.000000]  memory: 03e00000 @ 04000000 (usable)
[    0.000000] User-defined physical RAM map:
[    0.000000]  memory: 04000000 @ 04000000 (usable)
[    0.000000]  memory: 00000000 @ 00000000 (usable)
[    0.000000] Zone PFN ranges:
[    0.000000]   DMA      0x00004000 -> 0x00001000
[    0.000000]   Normal   0x00001000 -> 0x00008000
[    0.000000] Movable zone start PFN for each node
[    0.000000] early_node_map[1] active PFN ranges
[    0.000000]     0: 0x00004000 -> 0x00008000
[    0.000000] On node 0 totalpages: 16384
[    0.000000] free_area_init_node: node 0, pgdat 8449fb10, node_mem_map 844e0000
[    0.000000]   Normal zone: 128 pages used for memmap
[    0.000000]   Normal zone: 16256 pages, LIFO batch:3
[    0.000000] Built 1 zonelists in Zone order, mobility grouping on.  Total pages: 16256
[    0.000000] Kernel command line: console=ttyS0,115200 ubi.mtd=linuxkfs ubi.mtd=linuxapps root=ubi0:rootfs ro noinitrd rootfstype=ubifs mem=67108864@67108864 mem=0@0
[    0.000000] wait instruction: enabled
[    0.000000] Primary instruction cache 64kB, VIPT, 4-way, linesize 16 bytes.
[    0.000000] Primary data cache 32kB, 2-way, VIPT, cache aliases, linesize 16 bytes
[    0.000000] RCU-based detection of stalled CPUs is enabled.
[    0.000000] NR_IRQS:128
[    0.000000] PID hash table entries: 256 (order: 8, 1024 bytes)
[    0.000000] console [ttyS0] enabled
[    0.001000] Dentry cache hash table entries: 8192 (order: 3, 32768 bytes)
[    0.002000] Inode-cache hash table entries: 4096 (order: 2, 16384 bytes)
[    0.008000] Memory: 59908k/65536k available (3622k kernel code, 5556k reserved, 1055k data, 140k init, 0k highmem)
[    0.009000] Calibrating delay loop... 634.88 BogoMIPS (lpj=317440)
[    0.031000] Mount-cache hash table entries: 512
[    0.035000] net_namespace: 748 bytes
[    0.036000] NET: Registered protocol family 16
[    0.038000] Added platform devs for chip ID = 0x338300a2!
[    0.046000] bio: create slab <bio-0> at 0
[    0.048000] SCSI subsystem initialized
[    0.049000] usbcore: registered new interface driver usbfs
[    0.050000] usbcore: registered new interface driver hub
[    0.051000] usbcore: registered new device driver usb
[    0.052000] NET: Registered protocol family 8
[    0.053000] NET: Registered protocol family 20
[    0.056000] NET: Registered protocol family 2
[    0.060000] IP route cache hash table entries: 1024 (order: 0, 4096 bytes)
[    0.068000] TCP established hash table entries: 2048 (order: 2, 16384 bytes)
[    0.074000] TCP bind hash table entries: 2048 (order: 1, 8192 bytes)
[    0.081000] TCP: Hash tables configured (established 2048 bind 2048)
[    0.087000] TCP reno registered
[    0.090000] NET: Registered protocol family 1
[    0.097000] squashfs: version 4.0 (2009/01/31) Phillip Lougher
[    0.102000] squashfs: version 4.0 with LZMA457 ported by BRCM
[    0.109000] NTFS driver 2.1.29 [Flags: R/W].
[    0.115000] JFFS2 version 2.2. (NAND) © 2001-2006 Red Hat, Inc.
[    0.127000] fuse init (API version 7.11)
[    0.131000] msgmni has been set to 117
[    0.135000] alg: No test for cipher_null (cipher_null-generic)
[    0.140000] alg: No test for ecb(cipher_null) (ecb-cipher_null)
[    0.146000] alg: No test for digest_null (digest_null-generic)
[    0.151000] alg: No test for compress_null (compress_null-generic)
[    0.162000] alg: No test for stdrng (krng)
[    0.166000] io scheduler noop registered (default)
[    0.173000] PPP generic driver version 2.4.2
[    0.177000] NET: Registered protocol family 24
[    0.184000] <<<<<<<<< rpc_init >>>>>>>>>
[    0.188000] rpc_register_functions registered service 0: 1 functions
[    0.194000] rpc_init send handshake message
[    0.198000] bcm9338x_mtd driver v1.0
[    0.201000] <<<<<<<<< rpc_init >>>>>>>>>
[    0.205000] Benign Warning: Redundant rpc_init()
[    0.209000] cpu_idle CPU 0
[    0.362000] <<<<< dqm_init_func beef0002 >>>>>
[    0.366000] RPC Version 00000003
[    0.369000] DQM Init complete for dqm tunnel 0
[    0.374000] <<<<< dqm_init_func beef0001 >>>>>
[    0.386000] Flash device 0:  Nor 4 partitions bs: 00010000 ps: 00000100
[    0.392000] 4 partitions
[    0.394000] mtd   offset     size name
[    0.398000]   0 00000000 00010000 bootloader
[    0.402000]   1 00010000 00010000 permnv
[    0.406000]   2 000e0000 00020000 dynnv
[    0.409000]   3 00000000 00100000 Global Fla
[    0.413000] Flash device 1: Nand 6 partitions bs: 00004000 ps: 00000200
[    0.420000] 6 partitions
[    0.422000] mtd   offset     size name
[    0.426000]   0 019c0000 006c0000 image1
[    0.430000]   1 02080000 006c0000 image2
[    0.467000]   2 02744000 0047c000 linux
[    0.470000]   3 00004000 019bc000 linuxapps
[    0.474000]   4 03dc4000 0023c000 dhtml
[    0.478000]   5 02bc4000 011fc000 linuxkfs
[    0.482000] Creating 4 MTD partitions on "bcmmtd_vflash_device":
[    0.487000] 0x000000000000-0x000000010000 : "bootloader"
[    0.494000] 0x000000010000-0x000000020000 : "permnv"
[    0.499000] 0x0000000e0000-0x000000100000 : "dynnv"
[    0.504000] 0x000000000000-0x000000100000 : "Global Fla"
[    0.510000] Creating 6 MTD partitions on "bcmmtd_vflash_device":
[    0.516000] 0x0000019c0000-0x000002080000 : "image1"
[    0.535000] 0x000002080000-0x000002740000 : "image2"
[    0.553000] 0x000002744000-0x000002bc0000 : "linux"
[    0.568000] 0x000000004000-0x0000019c0000 : "linuxapps"
[    0.625000] 0x000003dc4000-0x000004000000 : "dhtml"
[    0.634000] 0x000002bc4000-0x000003dc0000 : "linuxkfs"
[    0.675000] bcm9338x Linux services init
[    0.679000] rpc_register_functions registered service 1: 8 functions
[    0.685000] bcm9338x send Linux version
[    0.689000] UBI: attaching mtd9 to ubi0
[    0.693000] UBI: physical eraseblock size:   16384 bytes (16 KiB)
[    0.699000] UBI: logical eraseblock size:    15360 bytes
[    0.704000] UBI: smallest flash I/O unit:    512
[    0.708000] UBI: VID header offset:          512 (aligned 512)
[    0.714000] UBI: data offset:                1024
[    6.774000] UBI: attached mtd9 to ubi0
[    6.778000] UBI: MTD device name:            "linuxkfs"
[    6.783000] UBI: MTD device size:            17 MiB
[    6.787000] UBI: number of good PEBs:        1150
[    6.792000] UBI: number of bad PEBs:         1
[    6.796000] UBI: max. allowed volumes:       89
[    6.800000] UBI: wear-leveling threshold:    4096
[    6.805000] UBI: number of internal volumes: 1
[    6.809000] UBI: number of user volumes:     1
[    6.813000] UBI: available PEBs:             0
[    6.818000] UBI: total number of reserved PEBs: 1150
[    6.822000] UBI: number of PEBs reserved for bad PEB handling: 11
[    6.828000] UBI: max/mean erase counter: 1/0
[    6.832000] UBI: attaching mtd7 to ubi1
[    6.836000] UBI: physical eraseblock size:   16384 bytes (16 KiB)
[    6.842000] UBI: logical eraseblock size:    15360 bytes
[    6.847000] UBI: smallest flash I/O unit:    512
[    6.851000] UBI: VID header offset:          512 (aligned 512)
[    6.857000] UBI: data offset:                1024
[    6.861000] UBI: background thread "ubi_bgt0d" started, PID 170
[   17.698000] UBI: attached mtd7 to ubi1
[   17.702000] UBI: MTD device name:            "linuxapps"
[   17.707000] UBI: MTD device size:            25 MiB
[   17.712000] UBI: number of good PEBs:        1647
[   17.716000] UBI: number of bad PEBs:         0
[   17.720000] UBI: max. allowed volumes:       89
[   17.725000] UBI: wear-leveling threshold:    4096
[   17.729000] UBI: number of internal volumes: 1
[   17.733000] UBI: number of user volumes:     1
[   17.738000] UBI: available PEBs:             0
[   17.742000] UBI: total number of reserved PEBs: 1647
[   17.747000] UBI: number of PEBs reserved for bad PEB handling: 16
[   17.752000] UBI: max/mean erase counter: 2/1
[   17.757000] UBI: background thread "ubi_bgt1d" started, PID 173
[   17.763000] usbcore: registered new interface driver usblp
[   17.768000] usbcore: registered new interface driver libusual
[   17.774000] usbcore: registered new interface driver usbserial
[   17.780000] USB Serial support registered for generic
[   17.785000] usbcore: registered new interface driver usbserial_generic
[   17.791000] usbserial: USB Serial Driver core
[   17.796000] USB Serial support registered for cp2101
[   17.800000] usbcore: registered new interface driver cp2101
[   17.806000] cp210x: v0.08:Silicon Labs CP2101/CP2102 RS232 serial adaptor driver
[   17.813000] USB Serial support registered for pl2303
[   17.818000] usbcore: registered new interface driver pl2303
[   17.823000] pl2303: Prolific PL2303 USB to serial adaptor driver
[   17.829000] Serial: BCM63XX driver $Revision: 1.8 $
[   17.834000] ttyS0 at MMIO 0xb4e00520 (irq = 11) is a BCM63XX
[   17.839000] fFpmLargestBufferSize: 2048  fFpmSizeShiftBits: 0x8
[   17.845000] Pool index: 0  pool size: 2048
[   17.849000] Pool index: 1  pool size: 1024
[   17.853000] Pool index: 2  pool size: 512
[   17.856000] Pool index: 3  pool size: 256
[   17.860000] Lookup table index: 0  pool size: 3
[   17.865000] Lookup table index: 1  pool size: 2
[   17.869000] Lookup table index: 2  pool size: 1
[   17.873000] Lookup table index: 3  pool size: 1
[   17.877000] Lookup table index: 4  pool size: 0
[   17.882000] Lookup table index: 5  pool size: 0
[   17.886000] Lookup table index: 6  pool size: 0
[   17.890000] Lookup table index: 7  pool size: 0
[   17.895000] bcmvenet: bcmvenet_probe
[   17.899000] Broadcom BCM3383(A2) Ethernet Network Device v0.1 Feb 24 2014 14:20:40
[   17.907000] bcmvenet_probe getting mac address
[   17.912000] eth0: MAC Address: 00:10:95:DE:AD:07
[   17.916000] ehci_hcd: USB 2.0 'Enhanced' Host Controller (EHCI) Driver
[   17.922000] EHCI-brcm EHCI-brcm.0: Broadcom STB EHCI
[   17.928000] EHCI-brcm EHCI-brcm.0: new USB bus registered, assigned bus number 1
[   17.966000] EHCI-brcm EHCI-brcm.0: irq 32, io mem 0x12e00000
[   17.977000] EHCI-brcm EHCI-brcm.0: USB 0.0 started, EHCI 1.00
[   17.982000] usb usb1: configuration #1 chosen from 1 choice
[   17.988000] hub 1-0:1.0: USB hub found
[   17.992000] hub 1-0:1.0: 2 ports detected
[   17.996000] Default to set USB power on.
[   18.000000] USB LED driver loaded. LED number 4 selected.
[   18.006000] rpc_user_init: registered device class brpc
[   18.011000] Mirror/redirect action on
[   18.014000] u32 classifier
[   18.017000]     input device check on
[   18.021000]     Actions configured
[   18.025000] TCP cubic registered
[   18.028000] Initializing XFRM netlink socket
[   18.032000] NET: Registered protocol family 10
[   18.043000] IPv6 over IPv4 tunneling driver
[   18.050000] NET: Registered protocol family 17
[   18.054000] NET: Registered protocol family 15
[   18.058000] error while creating igmp_snooping proc
[   18.063000] Initializing MCPD Module
[   18.067000] RPC: Registered udp transport module.
[   18.071000] RPC: Registered tcp transport module.
[   18.076000] 802.1Q VLAN Support v1.8 Ben Greear <greearb@candelatech.com>
[   18.082000] All bugs added by David S. Miller <davem@redhat.com>
[   18.119000] UBIFS: mounted UBI device 0, volume 0, name "rootfs"
[   18.125000] UBIFS: mounted read-only
[   18.128000] UBIFS: file system size:   17141760 bytes (16740 KiB, 16 MiB, 1116 LEBs)
[   18.136000] UBIFS: journal size:       4085760 bytes (3990 KiB, 3 MiB, 266 LEBs)
[   18.143000] UBIFS: media format:       w4/r0 (latest is w4/r0)
[   18.148000] UBIFS: default compressor: lzo
[   18.152000] UBIFS: reserved for root:  0 bytes (0 KiB)
[   18.179000] VFS: Mounted root (ubifs filesystem) readonly on device 254:1.
[   18.186000] Freeing unused kernel memory: 140k freed
[   19.908000] rpc_send_request timeouts 1 total timeouts 1 clean 9782
init started: BusyBox v1.19.3 (2014-02-24 14:22:35 CST)
starting pid 205, tty '': '/etc/init.d/rcS'

rcS: Loading drivers and kernel modules...

[   20.701000] Driver 'sd' needs updating - please use bus_type methods
[   20.837000] Initializing USB Mass Storage driver...
[   20.851000] usbcore: registered new interface driver usb-storage
[   20.856000] USB Mass Storage support registered.
[   21.026000] dspdd: module license 'Proprietary' taints kernel.
[   21.031000] Disabling lock debugging due to kernel taint
[   21.048000] TP0main: c028d000
Starting syslogd
rcS: Mounting apps partition
[   21.226000] UBIFS: recovery needed
[   21.245000] UBIFS: recovery completed
[   21.248000] UBIFS: mounted UBI device 1, volume 0, name "linuxapps"
[   21.254000] UBIFS: file system size:   24698880 bytes (24120 KiB, 23 MiB, 1608 LEBs)
[   21.262000] UBIFS: journal size:       4085760 bytes (3990 KiB, 3 MiB, 266 LEBs)
[   21.269000] UBIFS: media format:       w4/r0 (latest is w4/r0)
[   21.274000] UBIFS: default compressor: lzo
[   21.278000] UBIFS: reserved for root:  0 bytes (0 KiB)
rcS: Starting lxginit
rcS: Starting udhcpc
[   21.354000] Sending link up message to app.
[   21.366000] Link is up
udhcpc: udhcpc (v1.19.3) started

udhcpc: Sending discover...

udhcpc: Sending discover...

udhcpc: Sending discover...

udhcpc: Sending discover...

[   31.483000] eth0: no IPv6 routers present
udhcpc: Sending discover...

udhcpc: Sending discover...

udhcpc: Sending discover...

udhcpc: Sending discover...

udhcpc: Sending discover...

udhcpc: Sending discover...

udhcpc: No lease, forking to background

rcS: Starting gwrepair
rcS: Stoping telnetd service
rcS: Droping all ICMP echo......
/home/wtchen/Project/Cow/targets/93383LxGTP1Nand/LNX1010mp1.LxG3383TP1-apps-140224.bin
一 2月 24 14:28:53 CST 2014
root@localhost.localdomain
gcc version 4.2.3
Version: 1.0.10mp1

Starting httpd: [  OK  ]
rcS: Starting getty on ttyS0
starting pid 342, tty '': 'smbapp '
NAS: Network Attached Storage Control Application [Version 1.3 Build Feb 24 2014 14:27:30]
found 0 USB devices
NAS: Will retry bind in 15 seconds
Launching mscapp
SmbApp: waiting on port 49182 to recvfrom...
MSC: Media Server Control Application [Version 1.2 Build Feb 24 2014 14:27:30]
MSC: waiting for data on port UDP 49181
SmbApp: Got a command before initialization, replying with UNINITIALIZED
SmbApp: Cmd SendConfig feature 0053
SmbApp: Nas Enable
SmbApp: launch_smbd
found 0 USB devices
SmbApp: lanuched smbd at pid 401
SmbApp: Netbios Enable
SmbApp: launch_nmbd
SmbApp: lanuched nmbd at pid 459
SmbApp: ApprovedAll Enabled
SmbApp: ApprovedOnly Disabled
SmbApp: DefaultShareAll Enable
Adding share
share_name:    storage
share_path:    /mnt/hd  share_flags:   0x3
set netbios name TC7200-DMS
set workgroup name WORKGROUP
set admin name admin
set admin pass
smbapp: Deleted user admin.
Added user admin.
smbapp: Killing nmbd (pid 459)
umounting all USB devices
smbapp: Killing smbd (pid 401)
SmbApp: executeCmdNasEnable featureBitfield 0053
SmbApp: launch_smbd
pid 401 terminated normally
pid 459 terminated normally
found 0 USB devices
SmbApp: lanuched smbd at pid 466
SmbApp: launch_nmbd
SmbApp: lanuched nmbd at pid 524
SmbApp: Cmd SendConfig feature 0053
SmbApp: No Feature change
SmbApp: Cmd SendConfig feature 0053
SmbApp: No Feature change
SmbApp: Cmd SendConfig feature 0053
SmbApp: No Feature change
SmbApp: Cmd SendConfig feature 0053
SmbApp: No Feature change
gw-repair: default gateway is 0.0.0.0
gw-repair: gateway not reachable, restarting WAN
gw-repair: default gateway is 0.0.0.0
gw-repair: gateway not reachable, restarting WAN
Disable USB host power succeeded.
gw-repair: default gateway is 0.0.0.0
gw-repair: gateway not reachable, restarting WAN
gw-repair: default gateway is 0.0.0.0
gw-repair: gateway not reachable, restarting WAN
gw-repair: default gateway is 0.0.0.0
gw-repair: gateway not reachable, restarting WAN
gw-repair: default gateway is 0.0.0.0
gw-repair: gateway not reachable, restarting WAN
gw-repair: default gateway is 0.0.0.0
gw-repair: gateway not reachable, restarting WAN
gw-repair: default gateway is 0.0.0.0
gw-repair: gateway not reachable, restarting WAN
gw-repair: default gateway is 0.0.0.0
gw-repair: gateway not reachable, restarting WAN
gw-repair: default gateway is 0.0.0.0
gw-repair: gateway not reachable, restarting WAN



[pressed ctrl-j]

(none) login: root
Password:


BusyBox v1.19.3 (2014-02-24 14:22:35 CST) built-in shell (ash)
Enter 'help' for a list of built-in commands.

~ # help
Built-in commands:
------------------
        . : alias bg break cd chdir continue eval exec exit export false
        fg hash help jobs kill let local pwd read readonly return set
        shift source times trap true type ulimit umask unalias unset
        wait

~ # pwd
/
~ # ls
CVS      bin      dev      init     linuxrc  opt      root     sys      usr
apps     data     etc      lib      mnt      proc     sbin     tmp      var

~ # whoami

root
